// Jest Snapshot v1, https://goo.gl/fbAQLP

exports[`counters renders as expected 1`] = `
<loading(Counters)
  countersState={
    CountersState {
      "api": Object {
        "loadCounters": [Function],
        "saveCounters": [Function],
      },
      "counters": Array [],
    }
  }
/>
`;
